// Jest Snapshot v1, https://goo.gl/fbAQLP

exports[`Add Recipe Button matches snapshot 1`] = `
.c0 {
  font-size: 40px;
  border: 0;
  width: 45px;
  height: 45px;
  border-radius: 50%;
  border: 0px solid rgba(255,255,255,0);
  box-shadow: 0 10px 20px rgba(0,0,0,0.19),0 6px 6px rgba(0,0,0,0.23);
}

<button
  className="c0"
  onClick={[Function]}
>
  +
</button>
`;
